[www.dbpengineering.co.in/index.html]
[backblue.gif]
[fade.gif]
[index.html]
[www.dbpengineering.co.in/assets/images/favicon.png]
[www.dbpengineering.co.in/index-2.html]
[www.dbpengineering.co.in/assets/images/logo.png]
[www.dbpengineering.co.in/about-us.html]
[www.dbpengineering.co.in/our-projects.html]
[www.dbpengineering.co.in/products.html]
[www.dbpengineering.co.in/byous.html]
[www.dbpengineering.co.in/cement-silo.html]
[www.dbpengineering.co.in/dished-end.html]
[www.dbpengineering.co.in/ss-ball.html]
[www.dbpengineering.co.in/ss-ball-fitup.html]
[www.dbpengineering.co.in/structure-mockup.html]
[www.dbpengineering.co.in/tank.html]
[www.dbpengineering.co.in/zinc-port.html]
[www.dbpengineering.co.in/certificates.html]
[www.dbpengineering.co.in/clients.html]
[www.dbpengineering.co.in/gallery.html]
[www.dbpengineering.co.in/contact.html]
[www.dbpengineering.co.in/enquiry.html]
[www.dbpengineering.co.in/assets/images/hero-bg/hero-shape-1.png]
[www.dbpengineering.co.in/assets/images/about-img.png]
[www.dbpengineering.co.in/assets/images/year.png]
[www.dbpengineering.co.in/assets/images/year-shape.png]
[www.dbpengineering.co.in/assets/images/icon/icon-1.png]
[www.dbpengineering.co.in/assets/images/icon/icon-2.png]
[www.dbpengineering.co.in/assets/images/icon/icon-3.png]
[www.dbpengineering.co.in/assets/images/icon/icon-4.png]
[www.dbpengineering.co.in/assets/images/services-section-shape.png]
[www.dbpengineering.co.in/assets/images/gallery/gallery1.jpg]
[www.dbpengineering.co.in/assets/images/gallery/gallery4.jpg]
[www.dbpengineering.co.in/assets/images/gallery/gallery8.jpg]
[www.dbpengineering.co.in/assets/images/gallery/gallery10.jpg]
[www.dbpengineering.co.in/ss-tank.html]
[www.dbpengineering.co.in/assets/images/gallery/gallery11.jpg]
[www.dbpengineering.co.in/assets/images/gallery/gallery12.jpg]
[www.dbpengineering.co.in/storage-tank.html]
[www.dbpengineering.co.in/assets/images/gallery/gallery14.jpg]
[www.dbpengineering.co.in/assets/images/icon/icon-5.png]
[www.dbpengineering.co.in/assets/images/icon/icon-6.png]
[www.dbpengineering.co.in/assets/images/icon/icon-7.png]
[www.dbpengineering.co.in/assets/images/choose-us-img.png]
[www.dbpengineering.co.in/assets/images/icon/icon-8.png]
[www.dbpengineering.co.in/assets/images/icon/icon-9.png]
[www.dbpengineering.co.in/assets/images/icon/icon-10.png]
[www.dbpengineering.co.in/assets/images/testimonial/testimonial-shape.png]
[www.dbpengineering.co.in/assets/images/testimonial/circle-1.png]
[www.dbpengineering.co.in/assets/images/testimonial/circle-2.png]
[www.dbpengineering.co.in/assets/images/testimonial/circle-3.png]
[www.dbpengineering.co.in/assets/images/blog-img/blog-img-1.jpg]
[www.dbpengineering.co.in/assets/images/blog-img/blog-img-2.jpg]
[www.dbpengineering.co.in/assets/images/blog-img/blog-img-3.jpg]
[www.dbpengineering.co.in/assets/images/blog-img/blog-img-4.jpg]
[www.dbpengineering.co.in/assets/images/blog-img/blog-img-5.jpg]
[www.dbpengineering.co.in/assets/images/certified/certified-1.png]
[www.dbpengineering.co.in/assets/images/certified/certified-2.png]
[www.dbpengineering.co.in/assets/images/certified/certified-3.png]
[www.dbpengineering.co.in/assets/images/certified/certified-4.png]
[www.dbpengineering.co.in/assets/js/jquery.min.js]
[www.dbpengineering.co.in/assets/js/bootstrap.bundle.min.js]
[www.dbpengineering.co.in/assets/js/meanmenu.min.js]
[www.dbpengineering.co.in/assets/js/owl.carousel.min.js]
[www.dbpengineering.co.in/assets/js/wow.min.js]
[www.dbpengineering.co.in/assets/js/magnific-popup.min.js]
[www.dbpengineering.co.in/assets/js/appear.min.js]
[www.dbpengineering.co.in/assets/js/odometer.min.js]
[www.dbpengineering.co.in/assets/js/form-validator.min.js]
[www.dbpengineering.co.in/assets/js/contact-form-script.js]
[www.dbpengineering.co.in/assets/js/ajaxchimp.min.js]
[www.dbpengineering.co.in/assets/js/custom.js]
[www.dbpengineering.co.in/index.html]
[www.dbpengineering.co.in/assets/css/bootstrap.min.css]
[www.dbpengineering.co.in/assets/css/owl.theme.default.min.css]
[www.dbpengineering.co.in/assets/css/owl.video.play.html]
[www.dbpengineering.co.in/assets/css/owl.carousel.min.css]
[www.dbpengineering.co.in/assets/fonts/remixicondf6ddf6d.eot]
[www.dbpengineering.co.in/assets/fonts/remixicondf6ddf6d.woff2]
[www.dbpengineering.co.in/assets/fonts/remixicondf6ddf6d.woff]
[www.dbpengineering.co.in/assets/fonts/remixicondf6ddf6d.ttf]
[www.dbpengineering.co.in/assets/fonts/remixicondf6ddf6d.html]
[www.dbpengineering.co.in/assets/css/remixicon.css]
[www.dbpengineering.co.in/assets/fonts/flaticond373d373.ttf]
[www.dbpengineering.co.in/assets/fonts/flaticond373d373.woff]
[www.dbpengineering.co.in/assets/fonts/flaticond373d373.woff2]
[www.dbpengineering.co.in/assets/fonts/flaticond373d373.eot]
[www.dbpengineering.co.in/assets/css/flaticon.css]
[www.dbpengineering.co.in/assets/css/meanmenu.min.css]
[www.dbpengineering.co.in/assets/css/animate.min.css]
[www.dbpengineering.co.in/assets/css/magnific-popup.min.css]
[www.dbpengineering.co.in/assets/css/odometer.min.css]
[www.dbpengineering.co.in/assets/css/navbar.css]
[www.dbpengineering.co.in/assets/images/hero-bg/bg-1.jpg]
[www.dbpengineering.co.in/assets/images/hero-bg/bg-2.jpg]
[www.dbpengineering.co.in/assets/images/hero-bg/bg-3.jpg]
[www.dbpengineering.co.in/assets/images/hero-bg/bg-4.jpg]
[www.dbpengineering.co.in/assets/images/hero-bg/bg-5.jpg]
[www.dbpengineering.co.in/assets/images/hero-bg/bg-6.jpg]
[www.dbpengineering.co.in/assets/images/banner-bg.jpg]
[www.dbpengineering.co.in/assets/images/services-bg.jpg]
[www.dbpengineering.co.in/assets/images/video-bg.jpg]
[www.dbpengineering.co.in/assets/images/counter-bg.jpg]
[www.dbpengineering.co.in/assets/images/join-bg.jpg]
[www.dbpengineering.co.in/assets/images/testimonial/bg-shape.png]
[www.dbpengineering.co.in/assets/images/testimonial/testimonial-bg.png]
[www.dbpengineering.co.in/assets/images/get-quote-bg.jpg]
[www.dbpengineering.co.in/assets/images/footer-bg.jpg]
[www.dbpengineering.co.in/assets/images/team/team-shape.jpg]
[www.dbpengineering.co.in/assets/images/contact-img.jpg]
[www.dbpengineering.co.in/assets/images/contact-info-bg.jpg]
[www.dbpengineering.co.in/assets/images/team/team-1.jpg]
[www.dbpengineering.co.in/assets/css/style.css]
[www.dbpengineering.co.in/assets/css/responsive.css]
[www.dbpengineering.co.in/index-2.html]
[www.dbpengineering.co.in/assets/images/page-bg/about-us.jpg]
[www.dbpengineering.co.in/assets/images/page-bg/page-bg-shape.png]
[www.dbpengineering.co.in/about-us.html]
[www.dbpengineering.co.in/assets/images/page-bg/projects.jpg]
[www.dbpengineering.co.in/our-projects.html]
[www.dbpengineering.co.in/assets/images/page-bg/products.jpg]
[www.dbpengineering.co.in/assets/images/products/product1.jpg]
[www.dbpengineering.co.in/assets/images/products/product4.jpg]
[www.dbpengineering.co.in/assets/images/products/product6.jpg]
[www.dbpengineering.co.in/assets/images/products/product8.jpg]
[www.dbpengineering.co.in/assets/images/products/product11.jpg]
[www.dbpengineering.co.in/assets/images/products/product14.jpg]
[www.dbpengineering.co.in/assets/images/products/product15.jpg]
[www.dbpengineering.co.in/assets/images/products/product17.jpg]
[www.dbpengineering.co.in/products.html]
[www.dbpengineering.co.in/assets/images/page-bg/Byous-banner.jpg]
[www.dbpengineering.co.in/assets/images/products/product3.jpg]
[www.dbpengineering.co.in/byous.html]
[www.dbpengineering.co.in/assets/images/page-bg/cement-silo.jpg]
[www.dbpengineering.co.in/cement-silo.html]
[www.dbpengineering.co.in/assets/images/page-bg/dished-end.jpg]
[www.dbpengineering.co.in/assets/images/products/product5.jpg]
[www.dbpengineering.co.in/assets/images/products/product7.jpg]
[www.dbpengineering.co.in/dished-end.html]
[www.dbpengineering.co.in/assets/images/page-bg/ss-ball.jpg]
[www.dbpengineering.co.in/ss-ball.html]
[www.dbpengineering.co.in/assets/images/page-bg/ss-ball-fitup.jpg]
[www.dbpengineering.co.in/ss-ball-fitup.html]
[www.dbpengineering.co.in/assets/images/page-bg/structure-mockup.jpg]
[www.dbpengineering.co.in/structure-mockup.html]
[www.dbpengineering.co.in/assets/images/page-bg/tank.jpg]
[www.dbpengineering.co.in/filter-tank.html]
[www.dbpengineering.co.in/assets/images/products/product2.jpg]
[www.dbpengineering.co.in/assets/images/products/product10.jpg]
[www.dbpengineering.co.in/vertical-tank.html]
[www.dbpengineering.co.in/assets/images/products/product16.jpg]
[www.dbpengineering.co.in/water-filtter-tank.html]
[www.dbpengineering.co.in/assets/images/products/product18.jpg]
[www.dbpengineering.co.in/assets/images/products/product12.jpg]
[www.dbpengineering.co.in/tank.html]
[www.dbpengineering.co.in/assets/images/page-bg/zinc-port.jpg]
[www.dbpengineering.co.in/zinc-port.html]
[www.dbpengineering.co.in/assets/images/page-bg/certificates.jpg]
[www.dbpengineering.co.in/assets/images/certified/certified-iso.jpg]
[www.dbpengineering.co.in/assets/images/certified/certified-GPEC.jpg]
[www.dbpengineering.co.in/assets/images/certified/certified-SDC.jpg]
[www.dbpengineering.co.in/certificates.html]
[www.dbpengineering.co.in/assets/images/page-bg/clients.jpg]
[www.dbpengineering.co.in/clients.html]
[www.dbpengineering.co.in/assets/images/page-bg/gallery.jpg]
[www.dbpengineering.co.in/assets/images/gallery/gallery2.jpg]
[www.dbpengineering.co.in/assets/images/gallery/gallery3.jpg]
[www.dbpengineering.co.in/assets/images/gallery/gallery5.jpg]
[www.dbpengineering.co.in/assets/images/gallery/gallery6.jpg]
[www.dbpengineering.co.in/assets/images/gallery/gallery7.jpg]
[www.dbpengineering.co.in/assets/images/gallery/gallery9.jpg]
[www.dbpengineering.co.in/assets/images/gallery/gallery13.jpg]
[www.dbpengineering.co.in/assets/images/gallery/gallery15.jpg]
[www.dbpengineering.co.in/assets/images/gallery/gallery16.jpg]
[www.dbpengineering.co.in/assets/images/gallery/gallery17.jpg]
[www.dbpengineering.co.in/assets/images/gallery/gallery18.jpg]
[www.dbpengineering.co.in/gallery.html]
[www.dbpengineering.co.in/assets/images/page-bg/contact.jpg]
[www.dbpengineering.co.in/contact.html]
[www.dbpengineering.co.in/assets/images/page-bg/enquiry.jpg]
[www.dbpengineering.co.in/assets/images/icon/icon-21.png]
[www.dbpengineering.co.in/assets/images/info-shape.png]
[www.dbpengineering.co.in/assets/images/icon/icon-22.png]
[www.dbpengineering.co.in/assets/images/icon/icon-23.png]
[www.dbpengineering.co.in/enquiry.html]
[www.dbpengineering.co.in/assets/images/page-bg/ss-tank.jpg]
[www.dbpengineering.co.in/ss-tank.html]
[www.dbpengineering.co.in/assets/images/page-bg/storage-tank.jpg]
[www.dbpengineering.co.in/storage-tank2.html]
[www.dbpengineering.co.in/assets/images/products/product13.jpg]
[www.dbpengineering.co.in/storage-tank.html]
[www.dbpengineering.co.in/cdn-cgi/scripts/5c5dd728/cloudflare-static/email-decode.min.html]
[www.dbpengineering.co.in/assets/css/owl.video.play.html]
[www.dbpengineering.co.in/assets/fonts/remixicondf6ddf6d.html]
[www.dbpengineering.co.in/assets/fonts/flaticond373d373.svg]
[www.dbpengineering.co.in/assets/images/page-bg/page-bg-1.html]
[www.dbpengineering.co.in/assets/images/page-bg/page-bg-2.html]
[www.dbpengineering.co.in/assets/images/page-bg/page-bg-3.html]
[www.dbpengineering.co.in/assets/images/page-bg/page-bg-4.html]
[www.dbpengineering.co.in/assets/images/page-bg/page-bg-5.html]
[www.dbpengineering.co.in/assets/images/page-bg/page-bg-6.html]
[www.dbpengineering.co.in/assets/images/page-bg/page-bg-7.html]
[www.dbpengineering.co.in/assets/images/page-bg/page-bg-8.html]
[www.dbpengineering.co.in/assets/images/page-bg/page-bg-9.html]
[www.dbpengineering.co.in/assets/images/page-bg/page-bg-10.html]
[www.dbpengineering.co.in/assets/images/page-bg/filter-tank.jpg]
[www.dbpengineering.co.in/filter-tank.html]
[www.dbpengineering.co.in/assets/images/page-bg/vertical-tank.jpg]
[www.dbpengineering.co.in/vertical-tank.html]
[www.dbpengineering.co.in/assets/images/page-bg/water-filtter-tank.jpg]
[www.dbpengineering.co.in/water-filtter-tank.html]
[www.dbpengineering.co.in/assets/images/page-bg/storage-tank2.jpg]
[www.dbpengineering.co.in/storage-tank2.html]
